casos: 6388, contiguos 1..6388: True
.\.venv\Scripts\python.exe : Traceback (most recent call last):
En línea: 1 Carácter: 1
+ .\.venv\Scripts\python.exe scripts\v10_real_cases_audit.py 2>&1 | Out ...
+ ~~~~~~~~~~~~~~~~~~~~~~~~~~~~~~~~~~~~~~~~~~~~~~~~~~~~~~~~~~~~~~~
    + CategoryInfo          : NotSpecified: (Traceback (most recent call last) 
   ::String) [], RemoteException
    + FullyQualifiedErrorId : NativeCommandError
 
  File "C:\Users\RamsÚs\Desktop\Proyectos\anestesia_world\.venv\Lib\site-packag
es\pandas\core\indexes\base.py", line 3641, in get_loc
    return self._engine.get_loc(casted_key)
           ^^^^^^^^^^^^^^^^^^^^^^^^^^^^^^^^
  File "pandas/_libs/index.pyx", line 168, in 
pandas._libs.index.IndexEngine.get_loc
  File "pandas/_libs/index.pyx", line 197, in 
pandas._libs.index.IndexEngine.get_loc
  File "pandas/_libs/hashtable_class_helper.pxi", line 7668, in 
pandas._libs.hashtable.PyObjectHashTable.get_item
  File "pandas/_libs/hashtable_class_helper.pxi", line 7676, in 
pandas._libs.hashtable.PyObjectHashTable.get_item
KeyError: 'Primus/EXP_DES'

The above exception was the direct cause of the following exception:

Traceback (most recent call last):
  File "C:\Users\RamsÚs\Desktop\Proyectos\anestesia_world\scripts\v10_real_case
s_audit.py", line 35, in <module>
    v = df[t].to_numpy(dtype=np.float64)
        ~~^^^
  File "C:\Users\RamsÚs\Desktop\Proyectos\anestesia_world\.venv\Lib\site-packag
es\pandas\core\frame.py", line 4378, in __getitem__
    indexer = self.columns.get_loc(key)
              ^^^^^^^^^^^^^^^^^^^^^^^^^
  File "C:\Users\RamsÚs\Desktop\Proyectos\anestesia_world\.venv\Lib\site-packag
es\pandas\core\indexes\base.py", line 3648, in get_loc
    raise KeyError(key) from err
KeyError: 'Primus/EXP_DES'
